+ echo 'Building WAMR vmlib with CMake...'
Building WAMR vmlib with CMake...
+ mkdir -p build
+ cd build
+ cmake .. -DCMAKE_BUILD_TYPE=Release
CMake Warning (dev) in CMakeLists.txt:
  No project() command is present.  The top-level CMakeLists.txt file must
  contain a literal, direct call to the project() command.  Add a line of
  code such as

    project(ProjectName)

  near the top of the file, but after cmake_minimum_required().

  CMake is pretending there is a "project(Project)" command on the first
  line.
This warning is for project developers.  Use -Wno-dev to suppress it.

CMake Warning (dev) in CMakeLists.txt:
  cmake_minimum_required() should be called prior to this top-level project()
  call.  Please see the cmake-commands(7) manual for usage documentation of
  both commands.
This warning is for project developers.  Use -Wno-dev to suppress it.

-- WAMR version: 2.4.3
-- Build Configurations:
     Build as target AARCH64
     Build for platform darwin
     CMAKE_BUILD_TYPE Release
     BUILD_SHARED_LIBS 
     WAMR Interpreter enabled
     Fast interpreter disabled
     WAMR AOT enabled
     WAMR Fast JIT disabled
     WAMR LLVM ORC JIT disabled
     Libc builtin enabled
     Libc WASI disabled
     Multiple modules disabled
     Wakeup of blocking operations enabled
     GC performance profiling disabled
     Quick AOT/JIT entries enabled
     AOT intrinsics enabled
     Shrunk memory enabled
     Extended constant expression disabled
-- About Wasm Proposals:
     Always-on:
       "Multi-value"
       "Non-trapping float-to-int conversions"
       "Sign-extension operators"
       "WebAssembly C and C++ API"
     Configurable. 0 is OFF. 1 is ON:
       "Bulk Memory Operation" via WAMR_BUILD_BULK_MEMORY: 1
       "Extended Constant Expressions" via WAMR_BUILD_EXTENDED_CONST_EXPR: 0
       "Fixed-width SIMD" via WAMR_BUILD_SIMD: 
       "Garbage collection" via WAMR_BUILD_GC: 0
       "Legacy Exception handling" via WAMR_BUILD_EXCE_HANDLING: 0
       "Memory64" via WAMR_BUILD_MEMORY64: 0
       "Multiple memories" via WAMR_BUILD_MULTI_MEMORY: 0
       "Reference Types" via WAMR_BUILD_REF_TYPES: 
       "Reference-Typed Strings" via WAMR_BUILD_STRINGREF: 0
       "Tail call" via WAMR_BUILD_TAIL_CALL: 0
       "Threads" via WAMR_BUILD_SHARED_MEMORY: 0
       "Typed Function References" via WAMR_BUILD_GC: 0
     Unsupported (>= Phase4):
       "Branch Hinting"
       "Custom Annotation Syntax in the Text Format"
       "Exception handling"
       "Import/Export of Mutable Globals"
       "JS String Builtins"
       "Relaxed SIMD"

-- Configuring done (0.1s)
-- Generating done (0.0s)
-- Build files have been written to: /Users/joe/git/joe-p/wamrtime/build
+ make vmlib
[100%] Built target vmlib
+ cd /Users/joe/git/joe-p/wamrtime/wasm-micro-runtime/wamr-compiler
+ bash build_llvm.sh
Requirement already satisfied: requests==2.32.4 in /Users/joe/.local/lib/python3.13/site-packages (from -r ../build-scripts/requirements.txt (line 1)) (2.32.4)
Requirement already satisfied: charset_normalizer<4,>=2 in /Users/joe/.local/share/mise/installs/python/3.13.2/lib/python3.13/site-packages (from requests==2.32.4->-r ../build-scripts/requirements.txt (line 1)) (3.4.2)
Requirement already satisfied: idna<4,>=2.5 in /Users/joe/.local/share/mise/installs/python/3.13.2/lib/python3.13/site-packages (from requests==2.32.4->-r ../build-scripts/requirements.txt (line 1)) (3.10)
Requirement already satisfied: urllib3<3,>=1.21.1 in /Users/joe/.local/share/mise/installs/python/3.13.2/lib/python3.13/site-packages (from requests==2.32.4->-r ../build-scripts/requirements.txt (line 1)) (2.4.0)
Requirement already satisfied: certifi>=2017.4.17 in /Users/joe/.local/share/mise/installs/python/3.13.2/lib/python3.13/site-packages (from requests==2.32.4->-r ../build-scripts/requirements.txt (line 1)) (2025.1.31)

[notice] A new release of pip is available: 24.3.1 -> 25.2
[notice] To update, run: pip install --upgrade pip
To use ssh for git clone, run: export USE_GIT_SSH=true
Use the gcc toolchain
It has already been fully compiled. If want to a re-build, please remove /Users/joe/git/joe-p/wamrtime/wasm-micro-runtime/core/deps/llvm/build manually and try again
+ mkdir -p build
+ cd build
+ cmake .. -DWAMR_BUILD_PLATFORM=darwin
-- Build as target AARCH64
-- CMAKE_BUILD_TYPE = Release
-- Found LLVM 18.1.8
-- Using LLVMConfig.cmake in: /Users/joe/git/joe-p/wamrtime/wasm-micro-runtime/core/deps/llvm/build/lib/cmake/llvm
-- Libc WASI enabled
-- Libc builtin enabled
-- Lib pthread enabled
-- Lib wasi-threads enabled
-- WAMR version: 2.4.3
-- Configuring done (0.2s)
-- Generating done (0.1s)
-- Build files have been written to: /Users/joe/git/joe-p/wamrtime/wasm-micro-runtime/wamr-compiler/build
+ make
[ 62%] Built target vmlib
[ 98%] Built target aotclib
[100%] Built target wamrc
+ cd /Users/joe/git/joe-p/wamrtime
+ zig build
+ /Users/joe/git/joe-p/wamrtime/wasm-micro-runtime/wamr-compiler/build/wamrc-2.4.3 --size-level=3 --format=aot --cpu=apple-m4 -o /Users/joe/git/joe-p/wamrtime/zig-out/bin/program.aot /Users/joe/git/joe-p/wamrtime/zig-out/bin/program.wasm
'apple-m4' is not a recognized processor for this target (ignoring processor)
'apple-m4' is not a recognized processor for this target (ignoring processor)
'apple-m4' is not a recognized processor for this target (ignoring processor)
'apple-m4' is not a recognized processor for this target (ignoring processor)
'apple-m4' is not a recognized processor for this target (ignoring processor)
'apple-m4' is not a recognized processor for this target (ignoring processor)
Create AoT compiler with:
  target:        aarch64v8
  target cpu:    apple-m4
  target triple: aarch64v8-pc-linux-gnu
  cpu features:  
  opt level:     3
  size level:    3
  output format: AoT file
Compile success, file /Users/joe/git/joe-p/wamrtime/zig-out/bin/program.aot was generated.
+ zig build run

Iteration 1:
Join duration: 41 ns
Spawn duration: 48959 ns

Iteration 2:
Join duration: 407458 ns
Spawn duration: 43833 ns
Program 0 executed in 3458 ns with return value 1337

Iteration 3:
Join duration: 451292 ns
Spawn duration: 31917 ns
Program 0 executed in 2541 ns with return value 1337

Iteration 4:
Join duration: 461083 ns
Spawn duration: 38250 ns
Program 0 executed in 2542 ns with return value 1337

Iteration 5:
Join duration: 407417 ns
Spawn duration: 30792 ns
Program 0 executed in 2084 ns with return value 1337

Iteration 6:
Join duration: 352875 ns
Spawn duration: 27875 ns
Program 0 executed in 1667 ns with return value 1337

Iteration 7:
Join duration: 406833 ns
Spawn duration: 34000 ns
Program 0 executed in 2167 ns with return value 1337

Iteration 8:
Join duration: 374125 ns
Spawn duration: 27125 ns
Program 0 executed in 1375 ns with return value 1337

Iteration 9:
Join duration: 387750 ns
Spawn duration: 32583 ns
Program 0 executed in 1500 ns with return value 1337

Iteration 10:
Join duration: 357125 ns
Spawn duration: 28333 ns
Program 0 executed in 1250 ns with return value 1337

Sleeping for 1 seconds before final iteration...
Join duration: 36500 ns
Spawn duration: 65417 ns
Program 0 executed in 13250 ns with return value 1337
Final iteration executed in 147709 ns
All iterations completed successfully.
